// Jest Snapshot v1, https://goo.gl/fbAQLP

exports[`Pruebas en <SearchScreen /> should mostrar a batman y el input con el valor del query string 1`] = `
<div>
  <h1>
    Search
  </h1>
  <hr />
  <div
    className="row"
  >
    <div
      className="col-5"
    >
      <h4>
        Search Form
      </h4>
      <hr />
      <form
        className="input-group"
        onSubmit={[Function]}
      >
        <input
          autoComplete="off"
          className="form-control"
          name="searchText"
          onChange={[Function]}
          placeholder="Find your hero"
          type="text"
          value="batman"
        />
        <button
          className="btn btn-outline-primary"
          type="submit"
        >
          Search
        </button>
      </form>
    </div>
    <div
      className="col-7"
    >
      <h4>
        Results
      </h4>
      <hr />
      <div
        className="animate__animated animate__fadeIn"
        key="dc-batman"
      >
        <div
          className="card text-dark bg-light mb-3"
          style={
            Object {
              "maxWidth": 540,
            }
          }
        >
          <div
            className="row g-0"
          >
            <div
              className="col-md-4 m-auto"
            >
              <img
                alt="Batman"
                className="card-img"
                src="./assets/heroes/dc-batman.jpg"
              />
            </div>
            <div
              className="col-md-8"
            >
              <div
                className="card-body"
              >
                <h5
                  className="card-title"
                >
                  Batman
                </h5>
                <p
                  className="card-text"
                >
                  Bruce Wayne
                </p>
                <p
                  className="card-text"
                >
                  <small
                    className="text-muted"
                  >
                    Detective Comics #27
                  </small>
                </p>
                <div
                  className="d-grid"
                >
                  <a
                    className="btn btn-dark btn-sm"
                    href="/hero/dc-batman"
                    onClick={[Function]}
                  >
                    MÃ¡s..
                  </a>
                </div>
              </div>
            </div>
          </div>
        </div>
      </div>
    </div>
  </div>
</div>
`;

exports[`Pruebas en <SearchScreen /> should mostrar un error si no se encuentra el hero 1`] = `
<div>
  <h1>
    Search
  </h1>
  <hr />
  <div
    className="row"
  >
    <div
      className="col-5"
    >
      <h4>
        Search Form
      </h4>
      <hr />
      <form
        className="input-group"
        onSubmit={[Function]}
      >
        <input
          autoComplete="off"
          className="form-control"
          name="searchText"
          onChange={[Function]}
          placeholder="Find your hero"
          type="text"
          value="batmanasd"
        />
        <button
          className="btn btn-outline-primary"
          type="submit"
        >
          Search
        </button>
      </form>
    </div>
    <div
      className="col-7"
    >
      <h4>
        Results
      </h4>
      <hr />
      <div
        className="alert alert-danger animate__animated animate__fadeIn"
      >
        There is no a hero with 
        batmanasd
      </div>
    </div>
  </div>
</div>
`;

exports[`Pruebas en <SearchScreen /> should mostrarse correctamente con valores por defecto 1`] = `
<div>
  <h1>
    Search
  </h1>
  <hr />
  <div
    className="row"
  >
    <div
      className="col-5"
    >
      <h4>
        Search Form
      </h4>
      <hr />
      <form
        className="input-group"
        onSubmit={[Function]}
      >
        <input
          autoComplete="off"
          className="form-control"
          name="searchText"
          onChange={[Function]}
          placeholder="Find your hero"
          type="text"
          value=""
        />
        <button
          className="btn btn-outline-primary"
          type="submit"
        >
          Search
        </button>
      </form>
    </div>
    <div
      className="col-7"
    >
      <h4>
        Results
      </h4>
      <hr />
      <div
        className="alert alert-info animate__animated animate__fadeIn"
      >
        Search a hero
      </div>
    </div>
  </div>
</div>
`;
